Godot Engine v4.6.2.stable.official.71f334935 - https://godotengine.org

11:08:21 [INF] [Battle]   对敌造成 9 伤害（护体吸收 0，HP --9 → 91）
[INF][Battle]   对敌造成 9 伤害（护体吸收 0，HP --9 → 91）
11:08:21 [INF] [Battle]   手牌 1 张
[INF][Battle]   手牌 1 张
11:08:21 [INF] [Battle]   对敌造成 6 伤害（护体吸收 0，HP --6 → 94）
[INF][Battle]   对敌造成 6 伤害（护体吸收 0，HP --6 → 94）
11:08:21 [INF] [Battle]   对敌造成 13 伤害（护体吸收 0，HP --13 → 87）
[INF][Battle]   对敌造成 13 伤害（护体吸收 0，HP --13 → 87）
11:08:21 [INF] [Battle]   对敌造成 2 伤害（护体吸收 0，HP --2 → 98）
[INF][Battle]   对敌造成 2 伤害（护体吸收 0，HP --2 → 98）
11:08:21 [INF] [Battle]   对敌造成 2 伤害（护体吸收 0，HP --2 → 96）
[INF][Battle]   对敌造成 2 伤害（护体吸收 0，HP --2 → 96）
11:08:21 [INF] [Battle]   对敌造成 6 伤害（护体吸收 0，HP --6 → 94）
[INF][Battle]   对敌造成 6 伤害（护体吸收 0，HP --6 → 94）
11:08:21 [INF] [Battle]   对敌造成 5 伤害（护体吸收 0，HP --5 → 95）
[INF][Battle]   对敌造成 5 伤害（护体吸收 0，HP --5 → 95）
11:08:21 [INF] [Battle]   对敌造成 5 伤害（护体吸收 0，HP --5 → 90）
[INF][Battle]   对敌造成 5 伤害（护体吸收 0，HP --5 → 90）
11:08:21 [INF] [Battle]   对敌造成 5 伤害（护体吸收 0，HP --5 → 95）
[INF][Battle]   对敌造成 5 伤害（护体吸收 0，HP --5 → 95）
11:08:21 [INF] [Battle]   对敌造成 5 伤害（护体吸收 0，HP --5 → 90）
[INF][Battle]   对敌造成 5 伤害（护体吸收 0，HP --5 → 90）
11:08:21 [INF] [Battle]   对敌造成 5 伤害（护体吸收 0，HP --5 → 85）
[INF][Battle]   对敌造成 5 伤害（护体吸收 0，HP --5 → 85）
11:08:21 [INF] [Battle]   对敌造成 5 伤害（护体吸收 0，HP --5 → 80）
[INF][Battle]   对敌造成 5 伤害（护体吸收 0，HP --5 → 80）
11:08:21 [INF] [Battle]   对敌造成 23 伤害（护体吸收 10，HP --13 → 87）
[INF][Battle]   对敌造成 23 伤害（护体吸收 10，HP --13 → 87）
11:08:21 [INF] [Battle]   对敌造成 26 伤害（护体吸收 0，HP --26 → 74）
[INF][Battle]   对敌造成 26 伤害（护体吸收 0，HP --26 → 74）
11:08:21 [INF] [Battle]   对敌造成 6 伤害（护体吸收 0，HP --6 → 94）
[INF][Battle]   对敌造成 6 伤害（护体吸收 0，HP --6 → 94）
11:08:21 [INF] [Battle]   对敌造成 8 伤害（护体吸收 0，HP --8 → 92）
[INF][Battle]   对敌造成 8 伤害（护体吸收 0，HP --8 → 92）
11:08:21 [INF] [Battle]   对敌造成 10 伤害（护体吸收 0，HP --10 → 90）
[INF][Battle]   对敌造成 10 伤害（护体吸收 0，HP --10 → 90）
11:08:21 [INF] [Battle]   手牌 2 张
[INF][Battle]   手牌 2 张
11:08:21 [INF] [Battle]   对敌造成 20 伤害（护体吸收 0，HP --20 → 80）
[INF][Battle]   对敌造成 20 伤害（护体吸收 0，HP --20 → 80）
11:08:21 [INF] [Battle]   获得 10 护体（共 10）
[INF][Battle]   获得 10 护体（共 10）
11:08:21 [INF] [Battle]   手牌 2 张
[INF][Battle]   手牌 2 张
11:08:21 [INF] [Battle]   对敌造成 4 伤害（护体吸收 0，HP --4 → 46）
[INF][Battle]   对敌造成 4 伤害（护体吸收 0，HP --4 → 46）
11:08:21 [INF] [Battle]   对敌造成 4 伤害（护体吸收 0，HP --4 → 42）
[INF][Battle]   对敌造成 4 伤害（护体吸收 0，HP --4 → 42）
11:08:21 [INF] [Battle]   对敌造成 4 伤害（护体吸收 0，HP --4 → 38）
[INF][Battle]   对敌造成 4 伤害（护体吸收 0，HP --4 → 38）
11:08:21 [INF] [Battle]   对敌造成 12 伤害（护体吸收 0，HP --12 → 88）
[INF][Battle]   对敌造成 12 伤害（护体吸收 0，HP --12 → 88）
11:08:21 [INF] [Battle]   对敌造成 5 伤害（护体吸收 0，HP --5 → 95）
[INF][Battle]   对敌造成 5 伤害（护体吸收 0，HP --5 → 95）
11:08:21 [INF] [Battle]   对敌造成 12 伤害（护体吸收 0，HP --12 → 88）
[INF][Battle]   对敌造成 12 伤害（护体吸收 0，HP --12 → 88）
11:08:21 [INF] [Battle]   获得 12 护体（共 12）
[INF][Battle]   获得 12 护体（共 12）
11:08:21 [INF] [Battle]   对敌造成 99999 伤害（护体吸收 0，HP --99999 → 0）
[INF][Battle]   对敌造成 99999 伤害（护体吸收 0，HP --99999 → 0）
11:08:21 [INF] [Battle]   对敌造成 1 伤害（护体吸收 0，HP --1 → 99）
[INF][Battle]   对敌造成 1 伤害（护体吸收 0，HP --1 → 99）
11:08:21 [INF] [Battle]   对敌造成 1 伤害（护体吸收 0，HP --1 → 98）
[INF][Battle]   对敌造成 1 伤害（护体吸收 0，HP --1 → 98）
11:08:21 [INF] [Battle]   对敌造成 1 伤害（护体吸收 0，HP --1 → 97）
[INF][Battle]   对敌造成 1 伤害（护体吸收 0，HP --1 → 97）
11:08:21 [INF] [Battle]   对敌造成 1 伤害（护体吸收 0，HP --1 → 96）
[INF][Battle]   对敌造成 1 伤害（护体吸收 0，HP --1 → 96）
11:08:21 [INF] [Battle]   对敌造成 1 伤害（护体吸收 0，HP --1 → 95）
[INF][Battle]   对敌造成 1 伤害（护体吸收 0，HP --1 → 95）
11:08:21 [INF] [Battle]   对敌造成 1 伤害（护体吸收 0，HP --1 → 94）
[INF][Battle]   对敌造成 1 伤害（护体吸收 0，HP --1 → 94）
11:08:21 [INF] [Battle]   获得 6 护体（共 6）
[INF][Battle]   获得 6 护体（共 6）
11:08:21 [INF] [Battle]   获得 8 护体（共 8）
[INF][Battle]   获得 8 护体（共 8）
11:08:21 [INF] [Battle]   获得 6 护体（共 6）
[INF][Battle]   获得 6 护体（共 6）
11:08:21 [INF] [Battle]   获得 6 护体（共 6）
[INF][Battle]   获得 6 护体（共 6）
11:08:21 [INF] [Battle]   手牌 2 张
[INF][Battle]   手牌 2 张
11:08:21 [INF] [Battle]   手牌 3 张
[INF][Battle]   手牌 3 张
11:08:21 [INF] [Battle]   获得 5 护体（共 5）
[INF][Battle]   获得 5 护体（共 5）
11:08:21 [INF] [Battle]   获得 12 护体（共 12）
[INF][Battle]   获得 12 护体（共 12）
11:08:21 [INF] [Battle]   获得 8 护体（共 8）
[INF][Battle]   获得 8 护体（共 8）
11:08:21 [INF] [Battle]   手牌 2 张
[INF][Battle]   手牌 2 张
11:08:21 [INF] [Battle]   手牌 2 张
[INF][Battle]   手牌 2 张
11:08:21 [INF] [Battle]   获得 20 护体（共 20）
[INF][Battle]   获得 20 护体（共 20）
11:08:21 [INF] [Battle]   获得 5 护体（共 5）
[INF][Battle]   获得 5 护体（共 5）
11:08:21 [INF] [Battle]   手牌 1 张
[INF][Battle]   手牌 1 张
11:08:21 [INF] [CardDatabase] 加载完毕，共 38 张卡牌
[INF][CardDatabase] 加载完毕，共 38 张卡牌
11:08:21 [INF] [CardDatabase] 加载完毕，共 38 张卡牌
[INF][CardDatabase] 加载完毕，共 38 张卡牌
